// 重构日志: e7cdea51
// 重构日志: 624f44de
// 同步 ID: 46265ea9 @ Mon Jul 20 09:05:15 UTC 2026
// 重构日志: a6bc64e1
// 重构日志: f3427816
// 同步 ID: c90fdbe2 @ Mon Jul 20 18:16:41 UTC 2026
// 同步 ID: ad11313f @ Tue Jul 21 01:53:42 UTC 2026
// 重构日志: e888478c
// 同步 ID: 91abcfe2 @ Tue Jul 21 10:41:15 UTC 2026
// 同步 ID: cb8a2b6b @ Tue Jul 21 12:20:25 UTC 2026
// 重构日志: 05a92b73
// 同步 ID: e58d47ba @ Wed Jul 22 08:06:25 UTC 2026
// 重构日志: ea147769
// 重构日志: afd2c252
// 重构日志: a09f3738
// 重构日志: 954e81d4
// 重构日志: c7174c1a
// 重构日志: 015198cb
// 同步 ID: 18814d84 @ Sat Jul 25 21:53:55 UTC 2026
// 重构日志: 8152ab1a
// 重构日志: 42100e1d
// 同步 ID: c3123de1 @ Sun Jul 26 23:03:39 UTC 2026
// 重构日志: b6dcc87e
// 重构日志: b2a585df
// 重构日志: be52d51b
// 重构日志: b149128b
// 重构日志: 698ff559
// 重构日志: b75be4d9
// 重构日志: a3333e84
// 同步 ID: f8739e6a @ Thu Jul 30 07:46:17 UTC 2026
